[makeshit.co/index.html]
[makeshit.co/apple-touch-icon.png]
[makeshit.co/favicon-32x32.png]
[makeshit.co/favicon-16x16.png]
[backblue.gif]
[fade.gif]
[index.html]
[makeshit.co/site.webmanifest]
[makeshit.co/icon.png]
[makeshit.co/_app/immutable/assets/0.B0FIP63w.css]
[makeshit.co/_app/immutable/assets/2.DuLGQTBn.css]
[makeshit.co/_app/immutable/assets/TitleBar.BY_uadK7.css]
[makeshit.co/blog.html]
[makeshit.co/archive.html]
[makeshit.co/_app/immutable/entry/start._fMyIWF-.js]
[makeshit.co/_app/immutable/entry/app.D2BH79oL.js]
[makeshit.co/index.html]
[static.cloudflareinsights.com/beacon.min.js]
[makeshit.co/_app/immutable/assets/poppins-latin-ext-400-normal.CIpeJEZw.woff2]
[makeshit.co/_app/immutable/assets/poppins-latin-ext-400-normal.Ce_uWq1Z.woff]
[makeshit.co/_app/immutable/assets/poppins-latin-400-normal.cpxAROuN.woff2]
[makeshit.co/_app/immutable/assets/poppins-latin-400-normal.BOb3E3N0.woff]
[makeshit.co/_app/immutable/assets/poppins-latin-ext-800-normal.CTiPmeYq.woff2]
[makeshit.co/_app/immutable/assets/poppins-latin-ext-800-normal.Dc5wQtSP.woff]
[makeshit.co/_app/immutable/assets/poppins-latin-800-normal.Bd8-pIP1.woff2]
[makeshit.co/_app/immutable/assets/poppins-latin-800-normal.YoItoZZV.woff]
[makeshit.co/_app/immutable/assets/poppins-latin-ext-600-normal.Cn4C8475.woff2]
[makeshit.co/_app/immutable/assets/poppins-latin-ext-600-normal.DB6FJURc.woff]
[makeshit.co/_app/immutable/assets/poppins-latin-600-normal.zEkxB9Mr.woff2]
[makeshit.co/_app/immutable/assets/poppins-latin-600-normal.BJdTmd5m.woff]
[makeshit.co/_app/immutable/assets/poppins-latin-ext-500-normal.H4Q0z8D2.woff2]
[makeshit.co/_app/immutable/assets/poppins-latin-ext-500-normal.Bl1-S02S.woff]
[makeshit.co/_app/immutable/assets/poppins-latin-500-normal.C8OXljZJ.woff2]
[makeshit.co/_app/immutable/assets/poppins-latin-500-normal.DGXqpDMm.woff]
[makeshit.co/_app/immutable/assets/poppins-latin-ext-300-normal.7Zg2msWE.woff2]
[makeshit.co/_app/immutable/assets/poppins-latin-ext-300-normal.C9p7gvmA.woff]
[makeshit.co/_app/immutable/assets/poppins-latin-300-normal.Dku2WoCh.woff2]
[makeshit.co/_app/immutable/assets/poppins-latin-300-normal.DCNuMXUj.woff]
[makeshit.co/_app/immutable/assets/merriweather-cyrillic-ext-400-normal.2Q04MDyi.woff2]
[makeshit.co/_app/immutable/assets/merriweather-cyrillic-ext-400-normal.CZtPT8sU.woff]
[makeshit.co/_app/immutable/assets/merriweather-cyrillic-400-normal.BVsZi-3f.woff2]
[makeshit.co/_app/immutable/assets/merriweather-cyrillic-400-normal.BzzSMLri.woff]
[makeshit.co/_app/immutable/assets/merriweather-vietnamese-400-normal.DN7nXmm7.woff2]
[makeshit.co/_app/immutable/assets/merriweather-vietnamese-400-normal.BchaKGL9.woff]
[makeshit.co/_app/immutable/assets/merriweather-latin-ext-400-normal.DH_FFfA1.woff2]
[makeshit.co/_app/immutable/assets/merriweather-latin-ext-400-normal.BWXNz8rE.woff]
[makeshit.co/_app/immutable/assets/merriweather-latin-400-normal.Dlx1w5Ul.woff2]
[makeshit.co/_app/immutable/assets/merriweather-latin-400-normal.CpfB0N6o.woff]
[makeshit.co/_app/immutable/assets/0.B0FIP63w.css]
[makeshit.co/_app/immutable/assets/2.DuLGQTBn.css]
[makeshit.co/_app/immutable/assets/TitleBar.BY_uadK7.css]
[makeshit.co/blog.html]
[makeshit.co/archive.html]
